[1/472] Creating directories for 'pioasmBuild'
[2/472] Building ASM object pico-sdk/src/rp2350/boot_stage2/CMakeFiles/bs2_default_library.dir/bs2_default_padded_checksummed.S.obj
[3/472] Building ASM object lib/QSPI_PIO/CMakeFiles/QSPI_PIO.dir/C_/Users/Michael/Downloads/pico-sdk/src/rp2_common/hardware_irq/irq_handler_chain.S.obj
[4/472] No download step for 'pioasmBuild'
[5/472] Building C object lib/QSPI_PIO/CMakeFiles/QSPI_PIO.dir/C_/Users/Michael/Downloads/pico-sdk/src/rp2350/pico_platform/platform.c.obj
[6/472] Building C object lib/QSPI_PIO/CMakeFiles/QSPI_PIO.dir/C_/Users/Michael/Downloads/pico-sdk/src/rp2_common/pico_platform_common/common.c.obj
[7/472] Building C object lib/QSPI_PIO/CMakeFiles/QSPI_PIO.dir/C_/Users/Michael/Downloads/pico-sdk/src/rp2_common/hardware_sync_spin_lock/sync_spin_lock.c.obj
[8/472] Building C object lib/QSPI_PIO/CMakeFiles/QSPI_PIO.dir/C_/Users/Michael/Downloads/pico-sdk/src/common/pico_sync/lock_core.c.obj
[9/472] Building C object lib/QSPI_PIO/CMakeFiles/QSPI_PIO.dir/C_/Users/Michael/Downloads/pico-sdk/src/rp2_common/hardware_sync/sync.c.obj
[10/472] Building C object lib/QSPI_PIO/CMakeFiles/QSPI_PIO.dir/C_/Users/Michael/Downloads/pico-sdk/src/common/pico_sync/sem.c.obj
[11/472] No update step for 'pioasmBuild'
[12/472] Building C object lib/QSPI_PIO/CMakeFiles/QSPI_PIO.dir/C_/Users/Michael/Downloads/pico-sdk/src/common/hardware_claim/claim.c.obj
[13/472] Building C object lib/QSPI_PIO/CMakeFiles/QSPI_PIO.dir/C_/Users/Michael/Downloads/pico-sdk/src/rp2_common/pico_platform_panic/panic.c.obj
[14/472] Building C object lib/QSPI_PIO/CMakeFiles/QSPI_PIO.dir/C_/Users/Michael/Downloads/pico-sdk/src/common/pico_sync/critical_section.c.obj
[15/472] Building C object lib/QSPI_PIO/CMakeFiles/QSPI_PIO.dir/C_/Users/Michael/Downloads/pico-sdk/src/common/pico_sync/mutex.c.obj
[16/472] Building C object lib/QSPI_PIO/CMakeFiles/QSPI_PIO.dir/C_/Users/Michael/Downloads/pico-sdk/src/common/pico_time/timeout_helper.c.obj
[17/472] Building C object lib/QSPI_PIO/CMakeFiles/QSPI_PIO.dir/C_/Users/Michael/Downloads/pico-sdk/src/rp2_common/pico_stdlib/stdlib.c.obj
[18/472] Building C object lib/QSPI_PIO/CMakeFiles/QSPI_PIO.dir/C_/Users/Michael/Downloads/pico-sdk/src/rp2_common/hardware_irq/irq.c.obj
[19/472] Building C object lib/QSPI_PIO/CMakeFiles/QSPI_PIO.dir/C_/Users/Michael/Downloads/pico-sdk/src/rp2_common/hardware_gpio/gpio.c.obj
[20/472] No patch step for 'pioasmBuild'
[21/472] Building C object lib/QSPI_PIO/CMakeFiles/QSPI_PIO.dir/C_/Users/Michael/Downloads/pico-sdk/src/common/pico_util/datetime.c.obj
[22/472] Building C object lib/QSPI_PIO/CMakeFiles/QSPI_PIO.dir/qspi_pio.c.obj
[23/472] Building C object lib/QSPI_PIO/CMakeFiles/QSPI_PIO.dir/C_/Users/Michael/Downloads/pico-sdk/src/rp2_common/hardware_timer/timer.c.obj
[24/472] Building C object lib/QSPI_PIO/CMakeFiles/QSPI_PIO.dir/C_/Users/Michael/Downloads/pico-sdk/src/rp2_common/hardware_vreg/vreg.c.obj
[25/472] Building C object lib/QSPI_PIO/CMakeFiles/QSPI_PIO.dir/C_/Users/Michael/Downloads/pico-sdk/src/common/pico_util/pheap.c.obj
[26/472] Building C object lib/QSPI_PIO/CMakeFiles/QSPI_PIO.dir/C_/Users/Michael/Downloads/pico-sdk/src/rp2_common/hardware_pll/pll.c.obj
[27/472] Building C object lib/QSPI_PIO/CMakeFiles/QSPI_PIO.dir/C_/Users/Michael/Downloads/pico-sdk/src/rp2_common/hardware_ticks/ticks.c.obj
[28/472] Building C object lib/QSPI_PIO/CMakeFiles/QSPI_PIO.dir/C_/Users/Michael/Downloads/pico-sdk/src/common/pico_util/queue.c.obj
[29/472] Building C object lib/QSPI_PIO/CMakeFiles/QSPI_PIO.dir/C_/Users/Michael/Downloads/pico-sdk/src/rp2_common/hardware_uart/uart.c.obj
[30/472] Building C object lib/QSPI_PIO/CMakeFiles/QSPI_PIO.dir/C_/Users/Michael/Downloads/pico-sdk/src/rp2_common/pico_bootrom/bootrom_lock.c.obj
[31/472] Building C object lib/QSPI_PIO/CMakeFiles/QSPI_PIO.dir/C_/Users/Michael/Downloads/pico-sdk/src/rp2_common/hardware_boot_lock/boot_lock.c.obj
[32/472] Building C object lib/QSPI_PIO/CMakeFiles/QSPI_PIO.dir/C_/Users/Michael/Downloads/pico-sdk/src/common/pico_time/time.c.obj
[33/472] Building C object lib/QSPI_PIO/CMakeFiles/QSPI_PIO.dir/C_/Users/Michael/Downloads/pico-sdk/src/rp2_common/hardware_divider/divider.c.obj
[34/472] Building C object lib/QSPI_PIO/CMakeFiles/QSPI_PIO.dir/C_/Users/Michael/Downloads/pico-sdk/src/rp2_common/hardware_watchdog/watchdog.c.obj
[35/472] Building ASM object lib/QSPI_PIO/CMakeFiles/QSPI_PIO.dir/C_/Users/Michael/Downloads/pico-sdk/src/rp2_common/pico_bit_ops/bit_ops_aeabi.S.obj
[36/472] Building C object lib/QSPI_PIO/CMakeFiles/QSPI_PIO.dir/C_/Users/Michael/Downloads/pico-sdk/src/rp2_common/pico_flash/flash.c.obj
[37/472] Building C object lib/QSPI_PIO/CMakeFiles/QSPI_PIO.dir/C_/Users/Michael/Downloads/pico-sdk/src/rp2_common/pico_runtime_init/runtime_init_stack_guard.c.obj
[38/472] Building C object lib/QSPI_PIO/CMakeFiles/QSPI_PIO.dir/C_/Users/Michael/Downloads/pico-sdk/src/rp2_common/pico_runtime/runtime.c.obj
[39/472] Building C object lib/QSPI_PIO/CMakeFiles/QSPI_PIO.dir/C_/Users/Michael/Downloads/pico-sdk/src/rp2_common/hardware_xosc/xosc.c.obj
[40/472] Building C object lib/QSPI_PIO/CMakeFiles/QSPI_PIO.dir/C_/Users/Michael/Downloads/pico-sdk/src/rp2_common/pico_bootrom/bootrom.c.obj
[41/472] Building ASM object lib/QSPI_PIO/CMakeFiles/QSPI_PIO.dir/C_/Users/Michael/Downloads/pico-sdk/src/rp2_common/pico_double/double_fma_dcp.S.obj
[42/472] Building C object lib/QSPI_PIO/CMakeFiles/QSPI_PIO.dir/C_/Users/Michael/Downloads/pico-sdk/src/rp2_common/pico_runtime_init/runtime_init_clocks.c.obj
[43/472] Building ASM object lib/QSPI_PIO/CMakeFiles/QSPI_PIO.dir/C_/Users/Michael/Downloads/pico-sdk/src/rp2_common/pico_double/double_sci_m33.S.obj
[44/472] Building C object lib/QSPI_PIO/CMakeFiles/QSPI_PIO.dir/C_/Users/Michael/Downloads/pico-sdk/src/rp2_common/hardware_clocks/clocks.c.obj
[45/472] Building C object lib/QSPI_PIO/CMakeFiles/QSPI_PIO.dir/C_/Users/Michael/Downloads/pico-sdk/src/rp2_common/pico_runtime_init/runtime_init.c.obj
[46/472] Building ASM object lib/QSPI_PIO/CMakeFiles/QSPI_PIO.dir/C_/Users/Michael/Downloads/pico-sdk/src/rp2_common/pico_double/double_aeabi_dcp.S.obj
[47/472] Building ASM object lib/QSPI_PIO/CMakeFiles/QSPI_PIO.dir/C_/Users/Michael/Downloads/pico-sdk/src/rp2_common/pico_double/double_conv_m33.S.obj
[48/472] Building ASM object lib/QSPI_PIO/CMakeFiles/QSPI_PIO.dir/C_/Users/Michael/Downloads/pico-sdk/src/rp2_common/pico_float/float_conv32_vfp.S.obj
[49/472] Building ASM object lib/QSPI_PIO/CMakeFiles/QSPI_PIO.dir/C_/Users/Michael/Downloads/pico-sdk/src/rp2_common/pico_float/float_common_m33.S.obj
[50/472] Building ASM object lib/QSPI_PIO/CMakeFiles/QSPI_PIO.dir/C_/Users/Michael/Downloads/pico-sdk/src/rp2_common/pico_float/float_sci_m33_vfp.S.obj
[51/472] Building C object lib/QSPI_PIO/CMakeFiles/QSPI_PIO.dir/C_/Users/Michael/Downloads/pico-sdk/src/rp2_common/pico_divider/divider_compiler.c.obj
[52/472] Building C object lib/QSPI_PIO/CMakeFiles/QSPI_PIO.dir/C_/Users/Michael/Downloads/pico-sdk/src/rp2_common/pico_malloc/malloc.c.obj
[53/472] Building ASM object lib/QSPI_PIO/CMakeFiles/QSPI_PIO.dir/C_/Users/Michael/Downloads/pico-sdk/src/rp2_common/pico_crt0/crt0.S.obj
[54/472] Building C object lib/QSPI_PIO/CMakeFiles/QSPI_PIO.dir/C_/Users/Michael/Downloads/pico-sdk/src/rp2_common/pico_atomic/atomic.c.obj
[55/472] Building C object lib/QSPI_PIO/CMakeFiles/QSPI_PIO.dir/C_/Users/Michael/Downloads/pico-sdk/src/rp2_common/pico_standard_binary_info/standard_binary_info.c.obj
[56/472] Building C object lib/QSPI_PIO/CMakeFiles/QSPI_PIO.dir/C_/Users/Michael/Downloads/pico-sdk/src/rp2_common/pico_stdio_uart/stdio_uart.c.obj
[57/472] Building C object lib/QSPI_PIO/CMakeFiles/QSPI_PIO.dir/C_/Users/Michael/Downloads/pico-sdk/src/rp2_common/pico_clib_interface/newlib_interface.c.obj
[58/472] Performing configure step for 'pioasmBuild'
FAILED: pico-sdk/src/rp2_common/pico_cyw43_driver/pioasm/src/pioasmBuild-stamp/pioasmBuild-configure C:/Users/Michael/Downloads/RP2350-Touch-AMOLED-1.64/RP2350-Touch-AMOLED-1.64/C/01-LCD/build/pico-sdk/src/rp2_common/pico_cyw43_driver/pioasm/src/pioasmBuild-stamp/pioasmBuild-configure 
C:\WINDOWS\system32\cmd.exe /C "cd /D C:\Users\Michael\Downloads\RP2350-Touch-AMOLED-1.64\RP2350-Touch-AMOLED-1.64\C\01-LCD\build\pioasm && C:\Users\Michael\.pico-sdk\cmake\v3.31.5\bin\cmake.exe --no-warn-unused-cli -DCMAKE_MAKE_PROGRAM:FILEPATH=C:/Users/Michael/.pico-sdk/ninja/v1.12.1/ninja.exe -DPIOASM_FLAT_INSTALL=1 -DCMAKE_INSTALL_PREFIX=C:/Users/Michael/Downloads/RP2350-Touch-AMOLED-1.64/RP2350-Touch-AMOLED-1.64/C/01-LCD/build/pioasm-install -DCMAKE_RULE_MESSAGES=OFF -DCMAKE_INSTALL_MESSAGE=NEVER -GNinja -CC:/Users/Michael/Downloads/RP2350-Touch-AMOLED-1.64/RP2350-Touch-AMOLED-1.64/C/01-LCD/build/pico-sdk/src/rp2_common/pico_cyw43_driver/pioasm/tmp/pioasmBuild-cache-Release.cmake -S C:/Users/Michael/Downloads/pico-sdk/tools/pioasm -B C:/Users/Michael/Downloads/RP2350-Touch-AMOLED-1.64/RP2350-Touch-AMOLED-1.64/C/01-LCD/build/pioasm && C:\Users\Michael\.pico-sdk\cmake\v3.31.5\bin\cmake.exe -E touch C:/Users/Michael/Downloads/RP2350-Touch-AMOLED-1.64/RP2350-Touch-AMOLED-1.64/C/01-LCD/build/pico-sdk/src/rp2_common/pico_cyw43_driver/pioasm/src/pioasmBuild-stamp/pioasmBuild-configure"
Not searching for unused variables given on the command line.
loading initial cache file C:/Users/Michael/Downloads/RP2350-Touch-AMOLED-1.64/RP2350-Touch-AMOLED-1.64/C/01-LCD/build/pico-sdk/src/rp2_common/pico_cyw43_driver/pioasm/tmp/pioasmBuild-cache-Release.cmake
-- The CXX compiler identification is unknown
CMake Error at CMakeLists.txt:2 (project):
  No CMAKE_CXX_COMPILER could be found.

  Tell CMake where to find the compiler by setting either the environment
  variable "CXX" or the CMake cache entry CMAKE_CXX_COMPILER to the full path
  to the compiler, or to the compiler name if it is in the PATH.


-- Configuring incomplete, errors occurred!
[59/472] Building CXX object lib/QSPI_PIO/CMakeFiles/QSPI_PIO.dir/C_/Users/Michael/Downloads/pico-sdk/src/rp2_common/pico_cxx_options/new_delete.cpp.obj
[60/472] Building C object lib/Config/CMakeFiles/Config.dir/C_/Users/Michael/Downloads/pico-sdk/src/rp2_common/pico_stdlib/stdlib.c.obj
[61/472] Building C object lib/QSPI_PIO/CMakeFiles/QSPI_PIO.dir/C_/Users/Michael/Downloads/pico-sdk/src/rp2_common/pico_stdio/stdio.c.obj
[62/472] Building C object lib/Config/CMakeFiles/Config.dir/C_/Users/Michael/Downloads/pico-sdk/src/rp2350/pico_platform/platform.c.obj
[63/472] Building C object lib/Config/CMakeFiles/Config.dir/C_/Users/Michael/Downloads/pico-sdk/src/rp2_common/pico_platform_common/common.c.obj
[64/472] Building C object lib/QSPI_PIO/CMakeFiles/QSPI_PIO.dir/C_/Users/Michael/Downloads/pico-sdk/src/rp2_common/pico_double/double_math.c.obj
[65/472] Building C object lib/Config/CMakeFiles/Config.dir/C_/Users/Michael/Downloads/pico-sdk/src/rp2_common/pico_platform_panic/panic.c.obj
[66/472] Building C object lib/Config/CMakeFiles/Config.dir/C_/Users/Michael/Downloads/pico-sdk/src/common/hardware_claim/claim.c.obj
[67/472] Building C object lib/QSPI_PIO/CMakeFiles/QSPI_PIO.dir/C_/Users/Michael/Downloads/pico-sdk/src/rp2_common/pico_float/float_math.c.obj
[68/472] Building C object lib/Config/CMakeFiles/Config.dir/C_/Users/Michael/Downloads/pico-sdk/src/rp2_common/hardware_gpio/gpio.c.obj
[69/472] Building C object lib/QSPI_PIO/CMakeFiles/QSPI_PIO.dir/C_/Users/Michael/Downloads/pico-sdk/src/rp2_common/hardware_pio/pio.c.obj
[70/472] Building C object lib/Config/CMakeFiles/Config.dir/DEV_Config.c.obj
[71/472] Building C object lib/QSPI_PIO/CMakeFiles/QSPI_PIO.dir/C_/Users/Michael/Downloads/pico-sdk/src/rp2_common/pico_printf/printf.c.obj
ninja: build stopped: subcommand failed.
